<?xml version="1.0" encoding="UTF-8"?>
<TestRun id="dc6297d0-9b71-49ab-9dd8-943c3455729e" name="Yu@YU-86696FBB79F8 2015-05-21 02:09:02" runUser="YU-86696FBB79F8\Yu" xmlns="http://microsoft.com/schemas/VisualStudio/TeamTest/2010">
  <TestSettings name="Local" id="b9c4df8d-34bb-49a5-bba5-64a35a5d2da4">
    <Description>These are default test settings for a local test run.</Description>
    <Deployment enabled="false" runDeploymentRoot="Yu_YU-86696FBB79F8 2015-05-21 02_09_02">
      <DeploymentItem filename="C:\Documents and Settings\Yu\桌面\ares\ARES\bin\Debug\ARES.dll" />
    </Deployment>
    <Execution>
      <TestTypeSpecific />
      <AgentRule name="Execution Agents">
      </AgentRule>
    </Execution>
  </TestSettings>
  <Times creation="2015-05-21T02:09:02.9167560-04:00" queuing="2015-05-21T02:09:04.0583976-04:00" start="2015-05-21T02:09:04.3087576-04:00" finish="2015-05-21T02:09:23.2359736-04:00" />
  <ResultSummary outcome="Error">
    <Counters total="1" executed="1" error="0" failed="0" timeout="0" aborted="1" inconclusive="0" passedButRunAborted="0" notRunnable="0" notExecuted="0" disconnected="0" warning="0" passed="0" completed="0" inProgress="0" pending="0" />
    <RunInfos>
      <RunInfo computerName="YU-86696FBB79F8" outcome="Error" timestamp="2015-05-21T02:09:23.0957720-04:00">
        <Text>Test host process exited unexpectedly.</Text>
      </RunInfo>
    </RunInfos>
  </ResultSummary>
  <TestDefinitions>
    <UnitTest name="DrawLine" storage="c:\documents and settings\yu\桌面\ares\arestest\bin\debug\arestest.dll" id="ecd84edb-c67b-3723-a09d-19236e060a77">
      <Execution id="623d583d-2ffa-44e4-a34e-7462002819b4" />
      <TestMethod codeBase="C:/Documents and Settings/Yu/桌面/ares/ARESTest/bin/Debug/ARESTest.DLL" adapterTypeName="Microsoft.VisualStudio.TestTools.TestTypes.Unit.UnitTestAdapter, Microsoft.VisualStudio.QualityTools.Tips.UnitTest.Adapter, Version=10.0.0.0, Culture=neutral, PublicKeyToken=b03f5f7f11d50a3a" className="ARESTest.DrawingTest, ARESTest, Version=1.0.0.0, Culture=neutral, PublicKeyToken=null" name="DrawLine" />
    </UnitTest>
  </TestDefinitions>
  <TestLists>
    <TestList name="Results Not in a List" id="8c84fa94-04c1-424b-9868-57a2d4851a1d" />
    <TestList name="All Loaded Results" id="19431567-8539-422a-85d7-44ee4e166bda" />
  </TestLists>
  <TestEntries>
    <TestEntry testId="ecd84edb-c67b-3723-a09d-19236e060a77" executionId="623d583d-2ffa-44e4-a34e-7462002819b4" testListId="8c84fa94-04c1-424b-9868-57a2d4851a1d" />
  </TestEntries>
  <Results>
    <UnitTestResult executionId="623d583d-2ffa-44e4-a34e-7462002819b4" testId="ecd84edb-c67b-3723-a09d-19236e060a77" testName="DrawLine" computerName="YU-86696FBB79F8" duration="00:00:18.8370864" startTime="2015-05-21T02:09:04.3988872-04:00" endTime="2015-05-21T02:09:23.2359736-04:00" testType="13cdc9d9-ddb5-4fa4-a97d-d965ccfc6d4b" outcome="Aborted" testListId="8c84fa94-04c1-424b-9868-57a2d4851a1d" relativeResultsDirectory="623d583d-2ffa-44e4-a34e-7462002819b4">
    </UnitTestResult>
  </Results>
</TestRun>