<?xml version="1.0" encoding="UTF-8"?>
<TestRun id="de719783-c6d5-4a43-96d5-7d8490ebca3f" name="Yu@YU-86696FBB79F8 2015-05-21 02:11:14" runUser="YU-86696FBB79F8\Yu" xmlns="http://microsoft.com/schemas/VisualStudio/TeamTest/2010">
  <TestSettings name="Local" id="b9c4df8d-34bb-49a5-bba5-64a35a5d2da4">
    <Description>These are default test settings for a local test run.</Description>
    <Deployment enabled="false" runDeploymentRoot="Yu_YU-86696FBB79F8 2015-05-21 02_11_14">
      <DeploymentItem filename="C:\Documents and Settings\Yu\桌面\ares\ARES\bin\Debug\ARES.dll" />
    </Deployment>
    <Execution>
      <TestTypeSpecific />
      <AgentRule name="Execution Agents">
      </AgentRule>
    </Execution>
  </TestSettings>
  <Times creation="2015-05-21T02:11:14.8464616-04:00" queuing="2015-05-21T02:11:15.9780888-04:00" start="2015-05-21T02:11:16.2284488-04:00" finish="2015-05-21T02:11:16.9394712-04:00" />
  <ResultSummary outcome="Completed">
    <Counters total="1" executed="1" passed="1" error="0" failed="0" timeout="0" aborted="0" inconclusive="0" passedButRunAborted="0" notRunnable="0" notExecuted="0" disconnected="0" warning="0" completed="0" inProgress="0" pending="0" />
  </ResultSummary>
  <TestDefinitions>
    <UnitTest name="DrawLine" storage="c:\documents and settings\yu\桌面\ares\arestest\bin\debug\arestest.dll" id="ecd84edb-c67b-3723-a09d-19236e060a77">
      <Execution id="8fd43346-28b0-48ea-a5df-b4b3227a697f" />
      <TestMethod codeBase="C:/Documents and Settings/Yu/桌面/ares/ARESTest/bin/Debug/ARESTest.DLL" adapterTypeName="Microsoft.VisualStudio.TestTools.TestTypes.Unit.UnitTestAdapter, Microsoft.VisualStudio.QualityTools.Tips.UnitTest.Adapter, Version=10.0.0.0, Culture=neutral, PublicKeyToken=b03f5f7f11d50a3a" className="ARESTest.DrawingTest, ARESTest, Version=1.0.0.0, Culture=neutral, PublicKeyToken=null" name="DrawLine" />
    </UnitTest>
  </TestDefinitions>
  <TestLists>
    <TestList name="Results Not in a List" id="8c84fa94-04c1-424b-9868-57a2d4851a1d" />
    <TestList name="All Loaded Results" id="19431567-8539-422a-85d7-44ee4e166bda" />
  </TestLists>
  <TestEntries>
    <TestEntry testId="ecd84edb-c67b-3723-a09d-19236e060a77" executionId="8fd43346-28b0-48ea-a5df-b4b3227a697f" testListId="8c84fa94-04c1-424b-9868-57a2d4851a1d" />
  </TestEntries>
  <Results>
    <UnitTestResult executionId="8fd43346-28b0-48ea-a5df-b4b3227a697f" testId="ecd84edb-c67b-3723-a09d-19236e060a77" testName="DrawLine" computerName="YU-86696FBB79F8" duration="00:00:00.0214918" startTime="2015-05-21T02:11:16.3486216-04:00" endTime="2015-05-21T02:11:16.8293128-04:00" testType="13cdc9d9-ddb5-4fa4-a97d-d965ccfc6d4b" outcome="Passed" testListId="8c84fa94-04c1-424b-9868-57a2d4851a1d" relativeResultsDirectory="8fd43346-28b0-48ea-a5df-b4b3227a697f">
      <Output>
        <StdOut>Horizontal Line
(3, 3)
(4, 3)
(5, 3)
(6, 3)
(7, 3)
(8, 3)
(9, 3)
Vertical Line
(3, 3)
(4, 3)
(5, 3)
(6, 3)
(7, 3)
(8, 3)
(9, 3)
k &gt;０
(8, 12)
(7, 11)
(6, 10)
(5, 10)
(4, 9)
(3, 8)
k &gt;０
(8, 12)
(9, 11)
(10, 10)
(10, 9)
(11, 8)
(12, 7)</StdOut>
      </Output>
    </UnitTestResult>
  </Results>
</TestRun>