<?xml version="1.0" encoding="UTF-8"?>
<TestRun id="7c12f2ab-dd2f-40ea-a83e-378c94f1f061" name="Yu@YU-86696FBB79F8 2015-05-22 14:12:56" runUser="YU-86696FBB79F8\Yu" xmlns="http://microsoft.com/schemas/VisualStudio/TeamTest/2010">
  <TestSettings name="Local" id="b9c4df8d-34bb-49a5-bba5-64a35a5d2da4">
    <Description>These are default test settings for a local test run.</Description>
    <Deployment enabled="false" runDeploymentRoot="Yu_YU-86696FBB79F8 2015-05-22 14_12_56">
      <DeploymentItem filename="C:\Documents and Settings\Yu\桌面\ares\ARES\bin\Debug\ARES.dll" />
    </Deployment>
    <Execution>
      <TestTypeSpecific />
      <AgentRule name="Execution Agents">
      </AgentRule>
    </Execution>
  </TestSettings>
  <Times creation="2015-05-22T14:12:56.4772532-04:00" queuing="2015-05-22T14:13:00.0446594-04:00" start="2015-05-22T14:13:00.2665744-04:00" finish="2015-05-22T14:13:01.6069410-04:00" />
  <ResultSummary outcome="Completed">
    <Counters total="1" executed="1" passed="1" error="0" failed="0" timeout="0" aborted="0" inconclusive="0" passedButRunAborted="0" notRunnable="0" notExecuted="0" disconnected="0" warning="0" completed="0" inProgress="0" pending="0" />
  </ResultSummary>
  <TestDefinitions>
    <UnitTest name="DrawLine" storage="c:\documents and settings\yu\桌面\ares\arestest\bin\debug\arestest.dll" id="cec1be3e-345c-d45c-8e26-41cda1bb4879">
      <Execution id="730fb041-3417-49ca-8de9-bd054d7c1e90" />
      <TestMethod codeBase="C:/Documents and Settings/Yu/桌面/ares/ARESTest/bin/Debug/ARESTest.DLL" adapterTypeName="Microsoft.VisualStudio.TestTools.TestTypes.Unit.UnitTestAdapter, Microsoft.VisualStudio.QualityTools.Tips.UnitTest.Adapter, Version=10.0.0.0, Culture=neutral, PublicKeyToken=b03f5f7f11d50a3a" className="ARESTest.DisplayTest, ARESTest, Version=1.0.0.0, Culture=neutral, PublicKeyToken=null" name="DrawLine" />
    </UnitTest>
  </TestDefinitions>
  <TestLists>
    <TestList name="Results Not in a List" id="8c84fa94-04c1-424b-9868-57a2d4851a1d" />
    <TestList name="All Loaded Results" id="19431567-8539-422a-85d7-44ee4e166bda" />
  </TestLists>
  <TestEntries>
    <TestEntry testId="cec1be3e-345c-d45c-8e26-41cda1bb4879" executionId="730fb041-3417-49ca-8de9-bd054d7c1e90" testListId="8c84fa94-04c1-424b-9868-57a2d4851a1d" />
  </TestEntries>
  <Results>
    <UnitTestResult executionId="730fb041-3417-49ca-8de9-bd054d7c1e90" testId="cec1be3e-345c-d45c-8e26-41cda1bb4879" testName="DrawLine" computerName="YU-86696FBB79F8" duration="00:00:00.0252529" startTime="2015-05-22T14:13:00.3553404-04:00" endTime="2015-05-22T14:13:01.2873834-04:00" testType="13cdc9d9-ddb5-4fa4-a97d-d965ccfc6d4b" outcome="Passed" testListId="8c84fa94-04c1-424b-9868-57a2d4851a1d" relativeResultsDirectory="730fb041-3417-49ca-8de9-bd054d7c1e90">
      <Output>
        <StdOut>Horizontal Line
(3, 3)
(4, 3)
(5, 3)
Vertical Line
(3, 3)
(4, 3)
(5, 3)
k &gt;０
(8, 12)
(7, 11)
(6, 10)
(5, 10)
(4, 9)
(3, 8)
k &gt;０
(8, 12)
(9, 11)
(10, 10)
(10, 9)
(11, 8)
(12, 7)
outside box
(0, 0)
(1, 1)
(2, 2)
(3, 3)</StdOut>
      </Output>
    </UnitTestResult>
  </Results>
</TestRun>